I'm sorry, but errors were detected in your script. Please correct the
errors listed below, and try again.


File "game/script.rpy", line 403: show statement expects a non-empty block.
    show natsu ghost smile at aleft:
                                    ^

File "game/script.rpy", line 406: show statement expects a non-empty block.
    show natsu ghost smile at aleft:
                                    ^

Ren'Py Version: Ren'Py 8.3.7.25031702
Thu Jun  5 03:12:15 2025
